.\gradlew : 
At line:1 char:1
+ .\gradlew assembleDebug > build_output.txt 2>&1
+ ~~~~~~~~~~~~~~~~~~~~~~~~~~~~~~~~~~~~~~~~~~~~~~~
    + CategoryInfo          : NotSpecified: (:String) [], RemoteExce 
   ption
    + FullyQualifiedErrorId : NativeCommandError
 
FAILURE: Build failed with an exception.

* What went wrong:
Using dependency catalogs requires the activation of the matching 
feature preview.
See the documentation at https://docs.gradle.org/7.3.1/userguide/plat
forms.html#sub:central-declaration-of-dependencies

* Try:
> Run with --stacktrace option to get the stack trace.
> Run with --info or --debug option to get more log output.
> Run with --scan to get full insights.

* Get more help at https://help.gradle.org

BUILD FAILED in 2s
